=== Zizou Dev Harness: Multi-Provider Tool Round-Trip ===


=== Testing Provider: GROQ ===


=== Testing Provider: GOOGLE ===

bun : Γ¥î Provider groq failed: 3100 |       text: responseBody,
At line:1 char:1
+ bun run src\dev-harness.ts > test-output.txt 2>&1
+ ~~~~~~~~~~~~~~~~~~~~~~~~~~~~~~~~~~~~~~~~~~~~~~~~~
    + CategoryInfo          : NotSpecified: (Γ¥î Provider gr...: responseBody,:String) [], RemoteException
    + FullyQualifiedErrorId : NativeCommandError
 
3101 |       schema: errorSchema
3102 |     });
3103 |     return {
3104 |       responseHeaders,
3105 |       value: new APICallError4({
                    ^
AI_APICallError: Invalid API Key
      cause: undefined,
        url: "https://api.groq.com/openai/v1/chat/completions",
 requestBodyValues: {
  model: "llama-3.3-70b-versatile",
  user: undefined,
  parallel_tool_calls: undefined,
  max_tokens: undefined,
  temperature: undefined,
  top_p: undefined,
  frequency_penalty: undefined,
  presence_penalty: undefined,
  stop: undefined,
  seed: undefined,
  response_format: undefined,
  reasoning_format: undefined,
  reasoning_effort: undefined,
  service_tier: undefined,
  messages: [
    [Object ...]
  ],
  tools: [
    [Object ...]
  ],
  tool_choice: "auto",
},
 statusCode: 401,
 responseHeaders: {
  "alt-svc": "h3=\":443\"; ma=86400",
  "cache-control": "private, max-age=0, no-store, no-cache, must-revalidate",
  "cf-cache-status": "DYNAMIC",
  "cf-ray": "a11a9eaf0e5b3b0f-BOM",
  connection: "keep-alive",
  "content-length": "96",
  "content-type": "application/json",
  date: "Fri, 26 Jun 2026 07:50:13 GMT",
  server: "cloudflare",
  "strict-transport-security": "max-age=15552000",
  vary: "Origin",
  via: "1.1 google",
  "x-groq-region": "bom",
  "x-request-id": "req_01kw1egtbje6rtt01wj6h9fm5r",
  "set-cookie": "__cf_bm=Ib4u45Kq3nlo4RwUdHrbgbrgkbiOFGXhYbeB0KwRe0E-1782460213.6084309-1.0.1.1-DE1I.zZu6Pg2GPlF_EgtlCp
STSBVRTf9X03Z7_zNOmssQq0n1aKWk61fpSzLPH.9efSF1TfRenxkCUuCaSiNah4terj9BA443DT_AsTm704VmaaEPPkJ4VAMQQv66ZVy; HttpOnly; 
SameSite=None; Secure; Path=/; Domain=groq.com; Expires=Fri, 26 Jun 2026 08:20:13 GMT",
},
 responseBody: "{\"error\":{\"message\":\"Invalid API 
Key\",\"type\":\"invalid_request_error\",\"code\":\"invalid_api_key\"}}\n",
 isRetryable: false,
       data: {
  error: [Object ...],
},
 vercel.ai.error: true,
 vercel.ai.error.AI_APICallError: true,

      at <anonymous> (C:\Users\Arnv\ZIZOUv1\node_modules\@ai-sdk\provider-utils\dist\index.js:3105:14)
      at async <anonymous> (C:\Users\Arnv\ZIZOUv1\node_modules\@ai-sdk\provider-utils\dist\index.js:2877:34)
      at async <anonymous> (C:\Users\Arnv\ZIZOUv1\node_modules\@ai-sdk\provider-utils\dist\index.js:2818:13)
      at async doGenerate (C:\Users\Arnv\ZIZOUv1\node_modules\@ai-sdk\groq\dist\index.js:501:15)
      at async <anonymous> (C:\Users\Arnv\ZIZOUv1\node_modules\ai\dist\index.js:5347:58)

Γ¥î Provider google failed: 3100 |       text: responseBody,
3101 |       schema: errorSchema
3102 |     });
3103 |     return {
3104 |       responseHeaders,
3105 |       value: new APICallError4({
                    ^
AI_APICallError: models/gemini-1.5-flash is not found for API version v1beta, or is not supported for generateContent. 
Call ModelService.ListModels to see the list of available models and their supported methods.
      cause: undefined,
        url: "https://generativelanguage.googleapis.com/v1beta/models/gemini-1.5-flash:generateContent",
 requestBodyValues: {
  generationConfig: [Object ...],
  contents: [
    [Object ...]
  ],
  systemInstruction: undefined,
  safetySettings: undefined,
  tools: [
    [Object ...]
  ],
  toolConfig: [Object ...],
  cachedContent: undefined,
  labels: undefined,
  serviceTier: undefined,
},
 statusCode: 404,
 responseHeaders: {
  "alt-svc": "h3=\":443\"; ma=2592000,h3-29=\":443\"; ma=2592000",
  "content-encoding": "gzip",
  "content-type": "application/json; charset=UTF-8",
  date: "Fri, 26 Jun 2026 07:50:13 GMT",
  server: "scaffolding on HTTPServer2",
  "server-timing": "gfet4t7; dur=164",
  "transfer-encoding": "chunked",
  vary: "Origin, X-Origin, Referer",
  "x-content-type-options": "nosniff",
  "x-frame-options": "SAMEORIGIN",
  "x-xss-protection": "0",
},
 responseBody: "{\n  \"error\": {\n    \"code\": 404,\n    \"message\": \"models/gemini-1.5-flash is not found for API 
version v1beta, or is not supported for generateContent. Call ModelService.ListModels to see the list of available 
models and their supported methods.\",\n    \"status\": \"NOT_FOUND\"\n  }\n}\n",
 isRetryable: false,
       data: {
  error: [Object ...],
},
 vercel.ai.error: true,
 vercel.ai.error.AI_APICallError: true,

      at <anonymous> (C:\Users\Arnv\ZIZOUv1\node_modules\@ai-sdk\provider-utils\dist\index.js:3105:14)
      at async <anonymous> (C:\Users\Arnv\ZIZOUv1\node_modules\@ai-sdk\provider-utils\dist\index.js:2877:34)
      at async <anonymous> (C:\Users\Arnv\ZIZOUv1\node_modules\@ai-sdk\provider-utils\dist\index.js:2818:13)
      at async doGenerate (C:\Users\Arnv\ZIZOUv1\node_modules\@ai-sdk\google\dist\index.js:1754:15)
      at async <anonymous> (C:\Users\Arnv\ZIZOUv1\node_modules\ai\dist\index.js:5347:58)

